python-dotenv could not parse statement starting at line 4
python-dotenv could not parse statement starting at line 5
2026-09-23 16:40:16,675 INFO only-to 모드: 모든 발송 수신자를 ek******@gmail.com 로 강제합니다(테스트)
2026-09-23 16:40:16,682 INFO 그룹: 3개 활성
2026-09-23 16:40:16,688 WARNING DATA_GO_KR_KEY 미설정 \u2014 기업마당 data.go.kr 폴백 비활성(GHA Secret 등록 권장)
2026-09-23 16:40:17,425 INFO HTTP Request: GET https://www.bizinfo.go.kr/ "HTTP/1.1 200 OK"
2026-09-23 16:40:17,689 INFO HTTP Request: GET https://www.bizinfo.go.kr/uss/rss/bizinfoApi.do?crtfcKey=***&dataType=json&pageIndex=1&pageUnit=500 "HTTP/1.1 200 OK"
2026-09-23 16:40:18,146 INFO HTTP Request: GET https://www.bizinfo.go.kr/ "HTTP/1.1 200 OK"
2026-09-23 16:40:18,502 INFO HTTP Request: GET https://www.bizinfo.go.kr/uss/rss/bizinfoApi.do?crtfcKey=***&dataType=json&pageIndex=2&pageUnit=500 "HTTP/1.1 200 OK"
2026-09-23 16:40:19,232 INFO HTTP Request: GET https://www.bizinfo.go.kr/ "HTTP/1.1 200 OK"
2026-09-23 16:40:19,552 INFO HTTP Request: GET https://www.bizinfo.go.kr/uss/rss/bizinfoApi.do?crtfcKey=***&dataType=json&pageIndex=3&pageUnit=500 "HTTP/1.1 200 OK"
2026-09-23 16:40:20,161 INFO HTTP Request: GET https://www.bizinfo.go.kr/ "HTTP/1.1 200 OK"
2026-09-23 16:40:20,435 INFO HTTP Request: GET https://www.bizinfo.go.kr/uss/rss/bizinfoApi.do?crtfcKey=***&dataType=json&pageIndex=4&pageUnit=500 "HTTP/1.1 200 OK"
2026-09-23 16:40:20,471 INFO 기업마당(Bizinfo): 1558건 (bizinfo 직결)
2026-09-23 16:40:20,674 INFO 날짜분류(최근 1영업일, 2026-09-22~2026-09-22): 확정 46 / 날짜불명 0 / 제외 1512
2026-09-23 16:40:20,861 INFO HTTP Request: GET https://startup.hanyang.ac.kr/api/board/content?boardEnName=startup_info&page=1 "HTTP/1.1 200 "
2026-09-23 16:40:21,014 INFO HTTP Request: GET https://startup.hanyang.ac.kr/api/board/content?boardEnName=startup_info&page=2 "HTTP/1.1 200 "
2026-09-23 16:40:21,159 INFO HTTP Request: GET https://startup.hanyang.ac.kr/api/board/content?boardEnName=startup_info&page=3 "HTTP/1.1 200 "
2026-09-23 16:40:21,162 INFO 한양대 창업지원단(신규사업공고): 30건
2026-09-23 16:40:21,163 INFO 날짜분류(최근 1영업일, 2026-09-22~2026-09-22): 확정 0 / 날짜불명 0 / 제외 30
2026-09-23 16:40:21,281 INFO HTTP Request: GET https://www.startup-plus.kr/api/project/list?size=50&page=0 "HTTP/1.1 200 "
2026-09-23 16:40:21,389 INFO HTTP Request: GET https://www.startup-plus.kr/api/project/list?size=50&page=1 "HTTP/1.1 200 "
2026-09-23 16:40:21,490 INFO HTTP Request: GET https://www.startup-plus.kr/api/project/list?size=50&page=2 "HTTP/1.1 200 "
2026-09-23 16:40:21,498 INFO 스타트업플러스(서울시): 150건
2026-09-23 16:40:21,501 INFO 날짜분류(최근 1영업일, 2026-09-22~2026-09-22): 확정 2 / 날짜불명 0 / 제외 148
2026-09-23 16:40:21,811 INFO HTTP Request: GET https://www.k-startup.go.kr/web/contents/bizpbanc-ongoing.do?schMenuId=10090&page=1&viewCount=15&pbancSttus=ing&pbancClssCd=PBC010 "HTTP/1.1 200 200"
2026-09-23 16:40:22,327 INFO HTTP Request: GET https://www.k-startup.go.kr/web/contents/bizpbanc-ongoing.do?schMenuId=10090&page=2&viewCount=15&pbancSttus=ing&pbancClssCd=PBC010 "HTTP/1.1 200 200"
2026-09-23 16:40:23,043 INFO HTTP Request: GET https://www.k-startup.go.kr/web/contents/bizpbanc-ongoing.do?schMenuId=10090&page=3&viewCount=15&pbancSttus=ing&pbancClssCd=PBC010 "HTTP/1.1 200 200"
2026-09-23 16:40:24,783 INFO HTTP Request: GET https://www.k-startup.go.kr/web/contents/bizpbanc-ongoing.do?schMenuId=10090&page=4&viewCount=15&pbancSttus=ing&pbancClssCd=PBC010 "HTTP/1.1 200 200"
2026-09-23 16:40:25,558 INFO HTTP Request: GET https://www.k-startup.go.kr/web/contents/bizpbanc-ongoing.do?schMenuId=10090&page=5&viewCount=15&pbancSttus=ing&pbancClssCd=PBC010 "HTTP/1.1 200 200"
2026-09-23 16:40:26,217 INFO HTTP Request: GET https://www.k-startup.go.kr/web/contents/bizpbanc-ongoing.do?schMenuId=10090&page=6&viewCount=15&pbancSttus=ing&pbancClssCd=PBC010 "HTTP/1.1 200 200"
2026-09-23 16:40:27,134 INFO HTTP Request: GET https://www.k-startup.go.kr/web/contents/bizpbanc-ongoing.do?schMenuId=10090&page=7&viewCount=15&pbancSttus=ing&pbancClssCd=PBC010 "HTTP/1.1 200 200"
2026-09-23 16:40:27,840 INFO HTTP Request: GET https://www.k-startup.go.kr/web/contents/bizpbanc-ongoing.do?schMenuId=10090&page=8&viewCount=15&pbancSttus=ing&pbancClssCd=PBC010 "HTTP/1.1 200 200"
2026-09-23 16:40:28,543 INFO HTTP Request: GET https://www.k-startup.go.kr/web/contents/bizpbanc-ongoing.do?schMenuId=10090&page=9&viewCount=15&pbancSttus=ing&pbancClssCd=PBC010 "HTTP/1.1 200 200"
2026-09-23 16:40:29,355 INFO HTTP Request: GET https://www.k-startup.go.kr/web/contents/bizpbanc-ongoing.do?schMenuId=10090&page=10&viewCount=15&pbancSttus=ing&pbancClssCd=PBC010 "HTTP/1.1 200 200"
2026-09-23 16:40:29,835 INFO HTTP Request: GET https://www.k-startup.go.kr/web/contents/bizpbanc-ongoing.do?schMenuId=10090&page=11&viewCount=15&pbancSttus=ing&pbancClssCd=PBC010 "HTTP/1.1 200 200"
2026-09-23 16:40:30,269 INFO HTTP Request: GET https://www.k-startup.go.kr/web/contents/bizpbanc-ongoing.do?schMenuId=10090&page=12&viewCount=15&pbancSttus=ing&pbancClssCd=PBC010 "HTTP/1.1 200 200"
2026-09-23 16:40:30,711 INFO HTTP Request: GET https://www.k-startup.go.kr/web/contents/bizpbanc-ongoing.do?schMenuId=10090&page=13&viewCount=15&pbancSttus=ing&pbancClssCd=PBC010 "HTTP/1.1 200 200"
2026-09-23 16:40:31,121 INFO HTTP Request: GET https://www.k-startup.go.kr/web/contents/bizpbanc-ongoing.do?schMenuId=10090&page=14&viewCount=15&pbancSttus=ing&pbancClssCd=PBC010 "HTTP/1.1 200 200"
2026-09-23 16:40:31,198 INFO K-Startup 공공: +176건 (상한 200p)
2026-09-23 16:40:31,487 INFO HTTP Request: GET https://www.k-startup.go.kr/web/contents/bizpbanc-ongoing.do?schMenuId=10090&page=1&viewCount=15&pbancSttus=ing&pbancClssCd=PBC020 "HTTP/1.1 200 200"
2026-09-23 16:40:31,961 INFO HTTP Request: GET https://www.k-startup.go.kr/web/contents/bizpbanc-ongoing.do?schMenuId=10090&page=2&viewCount=15&pbancSttus=ing&pbancClssCd=PBC020 "HTTP/1.1 200 200"
2026-09-23 16:40:32,415 INFO HTTP Request: GET https://www.k-startup.go.kr/web/contents/bizpbanc-ongoing.do?schMenuId=10090&page=3&viewCount=15&pbancSttus=ing&pbancClssCd=PBC020 "HTTP/1.1 200 200"
2026-09-23 16:40:33,491 INFO HTTP Request: GET https://www.k-startup.go.kr/web/contents/bizpbanc-ongoing.do?schMenuId=10090&page=4&viewCount=15&pbancSttus=ing&pbancClssCd=PBC020 "HTTP/1.1 200 200"
2026-09-23 16:40:34,334 INFO HTTP Request: GET https://www.k-startup.go.kr/web/contents/bizpbanc-ongoing.do?schMenuId=10090&page=5&viewCount=15&pbancSttus=ing&pbancClssCd=PBC020 "HTTP/1.1 200 200"
2026-09-23 16:40:34,849 INFO HTTP Request: GET https://www.k-startup.go.kr/web/contents/bizpbanc-ongoing.do?schMenuId=10090&page=6&viewCount=15&pbancSttus=ing&pbancClssCd=PBC020 "HTTP/1.1 200 200"
2026-09-23 16:40:35,206 INFO K-Startup 민간: +53건 (상한 100p)
2026-09-23 16:40:35,206 INFO K-Startup: 229건 (공공 176 + 민간 53)
2026-09-23 16:40:35,222 INFO 날짜분류(최근 1영업일, 2026-09-22~2026-09-22): 확정 3 / 날짜불명 0 / 제외 226
2026-09-23 16:40:36,737 INFO HTTP Request: POST https://www.iris.go.kr/contents/retrieveBsnsAncmBtinSituList.do "HTTP/1.1 200 OK"
2026-09-23 16:40:36,746 INFO IRIS(범부처통합연구지원): 10건
2026-09-23 16:40:36,747 INFO 날짜분류(최근 1영업일, 2026-09-22~2026-09-22): 확정 1 / 날짜불명 0 / 제외 9
2026-09-23 16:40:37,265 INFO HTTP Request: GET https://www.mss.go.kr/site/smba/ex/bbs/List.do?cbIdx=310 "HTTP/1.1 200 OK"
2026-09-23 16:40:37,830 INFO 중소벤처기업부: 10건
2026-09-23 16:40:37,832 INFO 날짜분류(최근 1영업일, 2026-09-22~2026-09-22): 확정 0 / 날짜불명 0 / 제외 10
2026-09-23 16:40:37,989 INFO HTTP Request: GET https://www.msit.go.kr/bbs/list.do?sCode=user&mId=113&mPid=112 "HTTP/1.1 200 OK"
2026-09-23 16:40:37,995 INFO 과학기술정보통신부: 0건
2026-09-23 16:40:37,995 INFO 날짜분류(최근 1영업일, 2026-09-22~2026-09-22): 확정 0 / 날짜불명 0 / 제외 0
2026-09-23 16:40:38,206 INFO HTTP Request: GET https://www.motie.go.kr/kor/article/ATCL2826a2625 "HTTP/1.1 301 Moved Permanently"
2026-09-23 16:40:38,386 INFO HTTP Request: GET https://www.motir.go.kr/kor/article/ATCL2826a2625 "HTTP/1.1 200 OK"
2026-09-23 16:40:39,174 INFO HTTP Request: GET https://www.motie.go.kr/kor/article/ATCL2826a2625?pageIndex=2 "HTTP/1.1 301 Moved Permanently"
2026-09-23 16:40:39,383 INFO HTTP Request: GET https://www.motir.go.kr/kor/article/ATCL2826a2625?pageIndex=2 "HTTP/1.1 200 OK"
2026-09-23 16:40:40,080 INFO 산업통상자원부: 20건 (2p)
2026-09-23 16:40:40,082 INFO 날짜분류(최근 1영업일, 2026-09-22~2026-09-22): 확정 1 / 날짜불명 0 / 제외 19
2026-09-23 16:40:40,414 INFO HTTP Request: GET https://www.moel.go.kr/info/govsupport/govsupportcon/govSupportSubList.do "HTTP/1.1 200 OK"
2026-09-23 16:40:41,765 INFO HTTP Request: GET https://www.moel.go.kr/info/govsupport/govsupportcon/govSupportSubList.do?pageIndex=2 "HTTP/1.1 200 OK"
2026-09-23 16:40:42,384 INFO 고용노동부: 20건 (2p)
2026-09-23 16:40:42,387 INFO 날짜분류(최근 1영업일, 2026-09-22~2026-09-22): 확정 0 / 날짜불명 0 / 제외 20
2026-09-23 16:40:42,994 INFO HTTP Request: GET https://www.mafra.go.kr/bbs/mafra/68/artclList.do "HTTP/1.1 200 OK"
2026-09-23 16:40:43,031 INFO 농림축산식품부: 10건
2026-09-23 16:40:43,031 INFO 날짜분류(최근 1영업일, 2026-09-22~2026-09-22): 확정 0 / 날짜불명 0 / 제외 10
2026-09-23 16:40:43,258 INFO HTTP Request: GET https://www.mof.go.kr/article/list.do?menuKey=971&boardKey=10 "HTTP/1.1 404 Not Found"
2026-09-23 16:40:43,260 ERROR 접속 실패 https://www.mof.go.kr/article/list.do?menuKey=971&boardKey=10: Client error '404 Not Found' for url 'https://www.mof.go.kr/article/list.do?menuKey=971&boardKey=10'
For more information check: https://developer.mozilla.org/en-US/docs/Web/HTTP/Status/404
2026-09-23 16:40:44,405 INFO HTTP Request: GET https://www.mcst.go.kr/kor/s_notice/press/pressView.jsp "HTTP/1.1 302 Found"
2026-09-23 16:40:44,437 INFO HTTP Request: GET https://www.mcst.go.kr/site/s_notice/press/pressView.jsp "HTTP/1.1 200 OK"
2026-09-23 16:40:44,442 INFO 문화체육관광부: 0건
2026-09-23 16:40:44,442 INFO 날짜분류(최근 1영업일, 2026-09-22~2026-09-22): 확정 0 / 날짜불명 0 / 제외 0
2026-09-23 16:40:44,613 INFO HTTP Request: GET https://www.moef.go.kr/nw/nes/nesdta.do?searchBbsId1=MOSFBBS_000000000028 "HTTP/1.1 301 Moved Permanently"
2026-09-23 16:40:44,791 INFO HTTP Request: GET https://mofe.go.kr/nw/nes/nesdta.do?searchBbsId1=MOSFBBS_000000000028 "HTTP/1.1 200 OK"
2026-09-23 16:40:45,193 INFO 기획재정부: 0건
2026-09-23 16:40:45,194 INFO 날짜분류(최근 1영업일, 2026-09-22~2026-09-22): 확정 0 / 날짜불명 0 / 제외 0
2026-09-23 16:40:45,319 INFO HTTP Request: GET https://www.molit.go.kr/USR/BORD0201/m_69/lst.jsp "HTTP/1.0 307 Temporary Redirect"
2026-09-23 16:40:45,594 INFO HTTP Request: GET https://www.molit.go.kr/USR/BORD0201/m_69/lst.jsp "HTTP/1.1 200 OK"
2026-09-23 16:40:45,820 INFO 국토교통부: 10건
2026-09-23 16:40:45,821 INFO 날짜분류(최근 1영업일, 2026-09-22~2026-09-22): 확정 3 / 날짜불명 0 / 제외 7
2026-09-23 16:40:46,045 INFO HTTP Request: GET https://www.nipa.kr/home/bsnsAll/0/nttList?bbsNo=4&tab=2&curPage=1 "HTTP/1.1 200 200"
2026-09-23 16:40:46,432 INFO HTTP Request: GET https://www.nipa.kr/home/bsnsAll/0/nttList?bbsNo=4&tab=2&curPage=2 "HTTP/1.1 200 200"
2026-09-23 16:40:46,844 INFO HTTP Request: GET https://www.nipa.kr/home/bsnsAll/0/nttList?bbsNo=4&tab=2&curPage=3 "HTTP/1.1 200 200"
2026-09-23 16:40:47,195 INFO HTTP Request: GET https://www.nipa.kr/home/bsnsAll/0/nttList?bbsNo=4&tab=2&curPage=4 "HTTP/1.1 200 200"
2026-09-23 16:40:47,576 INFO HTTP Request: GET https://www.nipa.kr/home/bsnsAll/0/nttList?bbsNo=4&tab=2&curPage=5 "HTTP/1.1 200 200"
2026-09-23 16:40:48,166 INFO HTTP Request: GET https://www.nipa.kr/home/bsnsAll/0/nttList?bbsNo=4&tab=2&curPage=6 "HTTP/1.1 200 200"
2026-09-23 16:40:48,694 INFO HTTP Request: GET https://www.nipa.kr/home/bsnsAll/0/nttList?bbsNo=4&tab=2&curPage=7 "HTTP/1.1 200 200"
2026-09-23 16:40:49,185 INFO HTTP Request: GET https://www.nipa.kr/home/bsnsAll/0/nttList?bbsNo=4&tab=2&curPage=8 "HTTP/1.1 200 200"
2026-09-23 16:40:49,582 INFO HTTP Request: GET https://www.nipa.kr/home/bsnsAll/0/nttList?bbsNo=4&tab=2&curPage=9 "HTTP/1.1 200 200"
2026-09-23 16:40:49,904 INFO HTTP Request: GET https://www.nipa.kr/home/bsnsAll/0/nttList?bbsNo=4&tab=2&curPage=10 "HTTP/1.1 200 200"
2026-09-23 16:40:50,289 INFO HTTP Request: GET https://www.nipa.kr/home/bsnsAll/0/nttList?bbsNo=4&tab=2&curPage=11 "HTTP/1.1 200 200"
2026-09-23 16:40:50,705 INFO HTTP Request: GET https://www.nipa.kr/home/bsnsAll/0/nttList?bbsNo=4&tab=2&curPage=12 "HTTP/1.1 200 200"
2026-09-23 16:40:51,048 INFO HTTP Request: GET https://www.nipa.kr/home/bsnsAll/0/nttList?bbsNo=4&tab=2&curPage=13 "HTTP/1.1 200 200"
2026-09-23 16:40:51,356 INFO HTTP Request: GET https://www.nipa.kr/home/bsnsAll/0/nttList?bbsNo=4&tab=2&curPage=14 "HTTP/1.1 200 200"
2026-09-23 16:40:51,674 INFO HTTP Request: GET https://www.nipa.kr/home/bsnsAll/0/nttList?bbsNo=4&tab=2&curPage=15 "HTTP/1.1 200 200"
2026-09-23 16:40:51,992 INFO HTTP Request: GET https://www.nipa.kr/home/bsnsAll/0/nttList?bbsNo=4&tab=2&curPage=16 "HTTP/1.1 200 200"
2026-09-23 16:40:52,258 INFO HTTP Request: GET https://www.nipa.kr/home/bsnsAll/0/nttList?bbsNo=4&tab=2&curPage=17 "HTTP/1.1 200 200"
2026-09-23 16:40:52,543 INFO HTTP Request: GET https://www.nipa.kr/home/bsnsAll/0/nttList?bbsNo=4&tab=2&curPage=18 "HTTP/1.1 200 200"
2026-09-23 16:40:52,842 INFO HTTP Request: GET https://www.nipa.kr/home/bsnsAll/0/nttList?bbsNo=4&tab=2&curPage=19 "HTTP/1.1 200 200"
2026-09-23 16:40:53,110 INFO HTTP Request: GET https://www.nipa.kr/home/bsnsAll/0/nttList?bbsNo=4&tab=2&curPage=20 "HTTP/1.1 200 200"
2026-09-23 16:40:53,380 INFO HTTP Request: GET https://www.nipa.kr/home/bsnsAll/0/nttList?bbsNo=4&tab=2&curPage=21 "HTTP/1.1 200 200"
2026-09-23 16:40:53,742 INFO HTTP Request: GET https://www.nipa.kr/home/bsnsAll/0/nttList?bbsNo=4&tab=2&curPage=22 "HTTP/1.1 200 200"
2026-09-23 16:40:54,164 INFO HTTP Request: GET https://www.nipa.kr/home/bsnsAll/0/nttList?bbsNo=4&tab=2&curPage=23 "HTTP/1.1 200 200"
2026-09-23 16:40:54,992 INFO HTTP Request: GET https://www.nipa.kr/home/bsnsAll/0/nttList?bbsNo=4&tab=2&curPage=24 "HTTP/1.1 200 200"
2026-09-23 16:40:57,625 INFO HTTP Request: GET https://www.nipa.kr/home/bsnsAll/0/nttList?bbsNo=4&tab=2&curPage=25 "HTTP/1.1 200 200"
2026-09-23 16:40:58,082 INFO HTTP Request: GET https://www.nipa.kr/home/bsnsAll/0/nttList?bbsNo=4&tab=2&curPage=26 "HTTP/1.1 200 200"
2026-09-23 16:40:58,461 INFO HTTP Request: GET https://www.nipa.kr/home/bsnsAll/0/nttList?bbsNo=4&tab=2&curPage=27 "HTTP/1.1 200 200"
2026-09-23 16:40:58,835 INFO HTTP Request: GET https://www.nipa.kr/home/bsnsAll/0/nttList?bbsNo=4&tab=2&curPage=28 "HTTP/1.1 200 200"
2026-09-23 16:40:59,554 INFO HTTP Request: GET https://www.nipa.kr/home/bsnsAll/0/nttList?bbsNo=4&tab=2&curPage=29 "HTTP/1.1 200 200"
2026-09-23 16:41:00,151 INFO HTTP Request: GET https://www.nipa.kr/home/bsnsAll/0/nttList?bbsNo=4&tab=2&curPage=30 "HTTP/1.1 200 200"
2026-09-23 16:41:00,867 INFO HTTP Request: GET https://www.nipa.kr/home/bsnsAll/0/nttList?bbsNo=4&tab=2&curPage=31 "HTTP/1.1 200 200"
2026-09-23 16:41:01,259 INFO HTTP Request: GET https://www.nipa.kr/home/bsnsAll/0/nttList?bbsNo=4&tab=2&curPage=32 "HTTP/1.1 200 200"
2026-09-23 16:41:01,809 INFO HTTP Request: GET https://www.nipa.kr/home/bsnsAll/0/nttList?bbsNo=4&tab=2&curPage=33 "HTTP/1.1 200 200"
2026-09-23 16:41:02,114 INFO HTTP Request: GET https://www.nipa.kr/home/bsnsAll/0/nttList?bbsNo=4&tab=2&curPage=34 "HTTP/1.1 200 200"
2026-09-23 16:41:02,445 INFO HTTP Request: GET https://www.nipa.kr/home/bsnsAll/0/nttList?bbsNo=4&tab=2&curPage=35 "HTTP/1.1 200 200"
2026-09-23 16:41:02,723 INFO HTTP Request: GET https://www.nipa.kr/home/bsnsAll/0/nttList?bbsNo=4&tab=2&curPage=36 "HTTP/1.1 200 200"
2026-09-23 16:41:02,994 INFO HTTP Request: GET https://www.nipa.kr/home/bsnsAll/0/nttList?bbsNo=4&tab=2&curPage=37 "HTTP/1.1 200 200"
2026-09-23 16:41:03,326 INFO HTTP Request: GET https://www.nipa.kr/home/bsnsAll/0/nttList?bbsNo=4&tab=2&curPage=38 "HTTP/1.1 200 200"
2026-09-23 16:41:03,696 INFO HTTP Request: GET https://www.nipa.kr/home/bsnsAll/0/nttList?bbsNo=4&tab=2&curPage=39 "HTTP/1.1 200 200"
2026-09-23 16:41:03,978 INFO HTTP Request: GET https://www.nipa.kr/home/bsnsAll/0/nttList?bbsNo=4&tab=2&curPage=40 "HTTP/1.1 200 200"
2026-09-23 16:41:04,585 INFO HTTP Request: GET https://www.nipa.kr/home/bsnsAll/0/nttList?bbsNo=4&tab=2&curPage=41 "HTTP/1.1 200 200"
2026-09-23 16:41:04,974 INFO HTTP Request: GET https://www.nipa.kr/home/bsnsAll/0/nttList?bbsNo=4&tab=2&curPage=42 "HTTP/1.1 200 200"
2026-09-23 16:41:05,252 INFO HTTP Request: GET https://www.nipa.kr/home/bsnsAll/0/nttList?bbsNo=4&tab=2&curPage=43 "HTTP/1.1 200 200"
2026-09-23 16:41:05,529 INFO HTTP Request: GET https://www.nipa.kr/home/bsnsAll/0/nttList?bbsNo=4&tab=2&curPage=44 "HTTP/1.1 200 200"
2026-09-23 16:41:05,821 INFO HTTP Request: GET https://www.nipa.kr/home/bsnsAll/0/nttList?bbsNo=4&tab=2&curPage=45 "HTTP/1.1 200 200"
2026-09-23 16:41:06,100 INFO HTTP Request: GET https://www.nipa.kr/home/bsnsAll/0/nttList?bbsNo=4&tab=2&curPage=46 "HTTP/1.1 200 200"
2026-09-23 16:41:06,374 INFO HTTP Request: GET https://www.nipa.kr/home/bsnsAll/0/nttList?bbsNo=4&tab=2&curPage=47 "HTTP/1.1 200 200"
2026-09-23 16:41:06,706 INFO HTTP Request: GET https://www.nipa.kr/home/bsnsAll/0/nttList?bbsNo=4&tab=2&curPage=48 "HTTP/1.1 200 200"
2026-09-23 16:41:07,011 INFO HTTP Request: GET https://www.nipa.kr/home/bsnsAll/0/nttList?bbsNo=4&tab=2&curPage=49 "HTTP/1.1 200 200"
2026-09-23 16:41:07,348 INFO HTTP Request: GET https://www.nipa.kr/home/bsnsAll/0/nttList?bbsNo=4&tab=2&curPage=50 "HTTP/1.1 200 200"
2026-09-23 16:41:07,726 INFO HTTP Request: GET https://www.nipa.kr/home/bsnsAll/0/nttList?bbsNo=4&tab=2&curPage=51 "HTTP/1.1 200 200"
2026-09-23 16:41:08,035 INFO HTTP Request: GET https://www.nipa.kr/home/bsnsAll/0/nttList?bbsNo=4&tab=2&curPage=52 "HTTP/1.1 200 200"
2026-09-23 16:41:08,313 INFO HTTP Request: GET https://www.nipa.kr/home/bsnsAll/0/nttList?bbsNo=4&tab=2&curPage=53 "HTTP/1.1 200 200"
2026-09-23 16:41:08,670 INFO HTTP Request: GET https://www.nipa.kr/home/bsnsAll/0/nttList?bbsNo=4&tab=2&curPage=54 "HTTP/1.1 200 200"
2026-09-23 16:41:08,923 INFO HTTP Request: GET https://www.nipa.kr/home/bsnsAll/0/nttList?bbsNo=4&tab=2&curPage=55 "HTTP/1.1 200 200"
2026-09-23 16:41:09,310 INFO HTTP Request: GET https://www.nipa.kr/home/bsnsAll/0/nttList?bbsNo=4&tab=2&curPage=56 "HTTP/1.1 200 200"
2026-09-23 16:41:09,630 INFO HTTP Request: GET https://www.nipa.kr/home/bsnsAll/0/nttList?bbsNo=4&tab=2&curPage=57 "HTTP/1.1 200 200"
2026-09-23 16:41:09,907 INFO HTTP Request: GET https://www.nipa.kr/home/bsnsAll/0/nttList?bbsNo=4&tab=2&curPage=58 "HTTP/1.1 200 200"
2026-09-23 16:41:10,222 INFO HTTP Request: GET https://www.nipa.kr/home/bsnsAll/0/nttList?bbsNo=4&tab=2&curPage=59 "HTTP/1.1 200 200"
2026-09-23 16:41:10,529 INFO HTTP Request: GET https://www.nipa.kr/home/bsnsAll/0/nttList?bbsNo=4&tab=2&curPage=60 "HTTP/1.1 200 200"
2026-09-23 16:41:11,256 INFO HTTP Request: GET https://www.nipa.kr/home/bsnsAll/0/nttList?bbsNo=4&tab=2&curPage=61 "HTTP/1.1 200 200"
2026-09-23 16:41:11,644 INFO HTTP Request: GET https://www.nipa.kr/home/bsnsAll/0/nttList?bbsNo=4&tab=2&curPage=62 "HTTP/1.1 200 200"
2026-09-23 16:41:12,011 INFO HTTP Request: GET https://www.nipa.kr/home/bsnsAll/0/nttList?bbsNo=4&tab=2&curPage=63 "HTTP/1.1 200 200"
2026-09-23 16:41:12,395 INFO HTTP Request: GET https://www.nipa.kr/home/bsnsAll/0/nttList?bbsNo=4&tab=2&curPage=64 "HTTP/1.1 200 200"
2026-09-23 16:41:12,779 INFO HTTP Request: GET https://www.nipa.kr/home/bsnsAll/0/nttList?bbsNo=4&tab=2&curPage=65 "HTTP/1.1 200 200"
2026-09-23 16:41:13,112 INFO HTTP Request: GET https://www.nipa.kr/home/bsnsAll/0/nttList?bbsNo=4&tab=2&curPage=66 "HTTP/1.1 200 200"
2026-09-23 16:41:13,492 INFO HTTP Request: GET https://www.nipa.kr/home/bsnsAll/0/nttList?bbsNo=4&tab=2&curPage=67 "HTTP/1.1 200 200"
2026-09-23 16:41:13,874 INFO HTTP Request: GET https://www.nipa.kr/home/bsnsAll/0/nttList?bbsNo=4&tab=2&curPage=68 "HTTP/1.1 200 200"
2026-09-23 16:41:14,445 INFO HTTP Request: GET https://www.nipa.kr/home/bsnsAll/0/nttList?bbsNo=4&tab=2&curPage=69 "HTTP/1.1 200 200"
2026-09-23 16:41:14,967 INFO HTTP Request: GET https://www.nipa.kr/home/bsnsAll/0/nttList?bbsNo=4&tab=2&curPage=70 "HTTP/1.1 200 200"
2026-09-23 16:41:15,936 INFO HTTP Request: GET https://www.nipa.kr/home/bsnsAll/0/nttList?bbsNo=4&tab=2&curPage=71 "HTTP/1.1 200 200"
2026-09-23 16:41:16,300 INFO HTTP Request: GET https://www.nipa.kr/home/bsnsAll/0/nttList?bbsNo=4&tab=2&curPage=72 "HTTP/1.1 200 200"
2026-09-23 16:41:16,627 INFO HTTP Request: GET https://www.nipa.kr/home/bsnsAll/0/nttList?bbsNo=4&tab=2&curPage=73 "HTTP/1.1 200 200"
2026-09-23 16:41:16,937 INFO HTTP Request: GET https://www.nipa.kr/home/bsnsAll/0/nttList?bbsNo=4&tab=2&curPage=74 "HTTP/1.1 200 200"
2026-09-23 16:41:17,223 INFO HTTP Request: GET https://www.nipa.kr/home/bsnsAll/0/nttList?bbsNo=4&tab=2&curPage=75 "HTTP/1.1 200 200"
2026-09-23 16:41:17,522 INFO HTTP Request: GET https://www.nipa.kr/home/bsnsAll/0/nttList?bbsNo=4&tab=2&curPage=76 "HTTP/1.1 200 200"
2026-09-23 16:41:17,838 INFO HTTP Request: GET https://www.nipa.kr/home/bsnsAll/0/nttList?bbsNo=4&tab=2&curPage=77 "HTTP/1.1 200 200"
2026-09-23 16:41:18,408 INFO HTTP Request: GET https://www.nipa.kr/home/bsnsAll/0/nttList?bbsNo=4&tab=2&curPage=78 "HTTP/1.1 200 200"
2026-09-23 16:41:18,825 INFO HTTP Request: GET https://www.nipa.kr/home/bsnsAll/0/nttList?bbsNo=4&tab=2&curPage=79 "HTTP/1.1 200 200"
2026-09-23 16:41:19,296 INFO HTTP Request: GET https://www.nipa.kr/home/bsnsAll/0/nttList?bbsNo=4&tab=2&curPage=80 "HTTP/1.1 200 200"
2026-09-23 16:41:19,964 INFO HTTP Request: GET https://www.nipa.kr/home/bsnsAll/0/nttList?bbsNo=4&tab=2&curPage=81 "HTTP/1.1 200 200"
2026-09-23 16:41:20,501 INFO HTTP Request: GET https://www.nipa.kr/home/bsnsAll/0/nttList?bbsNo=4&tab=2&curPage=82 "HTTP/1.1 200 200"
2026-09-23 16:41:20,882 INFO HTTP Request: GET https://www.nipa.kr/home/bsnsAll/0/nttList?bbsNo=4&tab=2&curPage=83 "HTTP/1.1 200 200"
2026-09-23 16:41:21,384 INFO HTTP Request: GET https://www.nipa.kr/home/bsnsAll/0/nttList?bbsNo=4&tab=2&curPage=84 "HTTP/1.1 200 200"
2026-09-23 16:41:21,983 INFO HTTP Request: GET https://www.nipa.kr/home/bsnsAll/0/nttList?bbsNo=4&tab=2&curPage=85 "HTTP/1.1 200 200"
2026-09-23 16:41:22,571 INFO HTTP Request: GET https://www.nipa.kr/home/bsnsAll/0/nttList?bbsNo=4&tab=2&curPage=86 "HTTP/1.1 200 200"
2026-09-23 16:41:23,031 INFO HTTP Request: GET https://www.nipa.kr/home/bsnsAll/0/nttList?bbsNo=4&tab=2&curPage=87 "HTTP/1.1 200 200"
2026-09-23 16:41:23,497 INFO HTTP Request: GET https://www.nipa.kr/home/bsnsAll/0/nttList?bbsNo=4&tab=2&curPage=88 "HTTP/1.1 200 200"
2026-09-23 16:41:23,975 INFO HTTP Request: GET https://www.nipa.kr/home/bsnsAll/0/nttList?bbsNo=4&tab=2&curPage=89 "HTTP/1.1 200 200"
2026-09-23 16:41:24,670 INFO HTTP Request: GET https://www.nipa.kr/home/bsnsAll/0/nttList?bbsNo=4&tab=2&curPage=90 "HTTP/1.1 200 200"
2026-09-23 16:41:25,141 INFO HTTP Request: GET https://www.nipa.kr/home/bsnsAll/0/nttList?bbsNo=4&tab=2&curPage=91 "HTTP/1.1 200 200"
2026-09-23 16:41:25,794 INFO HTTP Request: GET https://www.nipa.kr/home/bsnsAll/0/nttList?bbsNo=4&tab=2&curPage=92 "HTTP/1.1 200 200"
2026-09-23 16:41:26,211 INFO HTTP Request: GET https://www.nipa.kr/home/bsnsAll/0/nttList?bbsNo=4&tab=2&curPage=93 "HTTP/1.1 200 200"
2026-09-23 16:41:26,763 INFO HTTP Request: GET https://www.nipa.kr/home/bsnsAll/0/nttList?bbsNo=4&tab=2&curPage=94 "HTTP/1.1 200 200"
2026-09-23 16:41:27,143 INFO HTTP Request: GET https://www.nipa.kr/home/bsnsAll/0/nttList?bbsNo=4&tab=2&curPage=95 "HTTP/1.1 200 200"
2026-09-23 16:41:27,906 INFO HTTP Request: GET https://www.nipa.kr/home/bsnsAll/0/nttList?bbsNo=4&tab=2&curPage=96 "HTTP/1.1 200 200"
2026-09-23 16:41:31,194 INFO HTTP Request: GET https://www.nipa.kr/home/bsnsAll/0/nttList?bbsNo=4&tab=2&curPage=97 "HTTP/1.1 200 200"
2026-09-23 16:41:31,756 INFO HTTP Request: GET https://www.nipa.kr/home/bsnsAll/0/nttList?bbsNo=4&tab=2&curPage=98 "HTTP/1.1 200 200"
2026-09-23 16:41:32,193 INFO HTTP Request: GET https://www.nipa.kr/home/bsnsAll/0/nttList?bbsNo=4&tab=2&curPage=99 "HTTP/1.1 200 200"
2026-09-23 16:41:32,885 INFO HTTP Request: GET https://www.nipa.kr/home/bsnsAll/0/nttList?bbsNo=4&tab=2&curPage=100 "HTTP/1.1 200 200"
2026-09-23 16:41:33,355 INFO HTTP Request: GET https://www.nipa.kr/home/bsnsAll/0/nttList?bbsNo=4&tab=2&curPage=101 "HTTP/1.1 200 200"
2026-09-23 16:41:33,817 INFO HTTP Request: GET https://www.nipa.kr/home/bsnsAll/0/nttList?bbsNo=4&tab=2&curPage=102 "HTTP/1.1 200 200"
2026-09-23 16:41:34,268 INFO HTTP Request: GET https://www.nipa.kr/home/bsnsAll/0/nttList?bbsNo=4&tab=2&curPage=103 "HTTP/1.1 200 200"
2026-09-23 16:41:34,836 INFO HTTP Request: GET https://www.nipa.kr/home/bsnsAll/0/nttList?bbsNo=4&tab=2&curPage=104 "HTTP/1.1 200 200"
2026-09-23 16:41:35,424 INFO HTTP Request: GET https://www.nipa.kr/home/bsnsAll/0/nttList?bbsNo=4&tab=2&curPage=105 "HTTP/1.1 200 200"
2026-09-23 16:41:36,345 INFO HTTP Request: GET https://www.nipa.kr/home/bsnsAll/0/nttList?bbsNo=4&tab=2&curPage=106 "HTTP/1.1 200 200"
2026-09-23 16:41:36,935 INFO HTTP Request: GET https://www.nipa.kr/home/bsnsAll/0/nttList?bbsNo=4&tab=2&curPage=107 "HTTP/1.1 200 200"
2026-09-23 16:41:37,581 INFO HTTP Request: GET https://www.nipa.kr/home/bsnsAll/0/nttList?bbsNo=4&tab=2&curPage=108 "HTTP/1.1 200 200"
2026-09-23 16:41:38,163 INFO HTTP Request: GET https://www.nipa.kr/home/bsnsAll/0/nttList?bbsNo=4&tab=2&curPage=109 "HTTP/1.1 200 200"
2026-09-23 16:41:38,637 INFO HTTP Request: GET https://www.nipa.kr/home/bsnsAll/0/nttList?bbsNo=4&tab=2&curPage=110 "HTTP/1.1 200 200"
2026-09-23 16:41:39,153 INFO HTTP Request: GET https://www.nipa.kr/home/bsnsAll/0/nttList?bbsNo=4&tab=2&curPage=111 "HTTP/1.1 200 200"
2026-09-23 16:41:39,697 INFO HTTP Request: GET https://www.nipa.kr/home/bsnsAll/0/nttList?bbsNo=4&tab=2&curPage=112 "HTTP/1.1 200 200"
2026-09-23 16:41:40,886 INFO HTTP Request: GET https://www.nipa.kr/home/bsnsAll/0/nttList?bbsNo=4&tab=2&curPage=113 "HTTP/1.1 200 200"
2026-09-23 16:41:42,184 INFO HTTP Request: GET https://www.nipa.kr/home/bsnsAll/0/nttList?bbsNo=4&tab=2&curPage=114 "HTTP/1.1 200 200"
2026-09-23 16:41:42,862 INFO HTTP Request: GET https://www.nipa.kr/home/bsnsAll/0/nttList?bbsNo=4&tab=2&curPage=115 "HTTP/1.1 200 200"
2026-09-23 16:41:43,568 INFO HTTP Request: GET https://www.nipa.kr/home/bsnsAll/0/nttList?bbsNo=4&tab=2&curPage=116 "HTTP/1.1 200 200"
2026-09-23 16:41:43,958 INFO HTTP Request: GET https://www.nipa.kr/home/bsnsAll/0/nttList?bbsNo=4&tab=2&curPage=117 "HTTP/1.1 200 200"
2026-09-23 16:41:44,291 INFO HTTP Request: GET https://www.nipa.kr/home/bsnsAll/0/nttList?bbsNo=4&tab=2&curPage=118 "HTTP/1.1 200 200"
2026-09-23 16:41:44,614 INFO HTTP Request: GET https://www.nipa.kr/home/bsnsAll/0/nttList?bbsNo=4&tab=2&curPage=119 "HTTP/1.1 200 200"
2026-09-23 16:41:44,903 INFO HTTP Request: GET https://www.nipa.kr/home/bsnsAll/0/nttList?bbsNo=4&tab=2&curPage=120 "HTTP/1.1 200 200"
2026-09-23 16:41:45,262 INFO HTTP Request: GET https://www.nipa.kr/home/bsnsAll/0/nttList?bbsNo=4&tab=2&curPage=121 "HTTP/1.1 200 200"
2026-09-23 16:41:45,592 INFO HTTP Request: GET https://www.nipa.kr/home/bsnsAll/0/nttList?bbsNo=4&tab=2&curPage=122 "HTTP/1.1 200 200"
2026-09-23 16:41:45,886 INFO HTTP Request: GET https://www.nipa.kr/home/bsnsAll/0/nttList?bbsNo=4&tab=2&curPage=123 "HTTP/1.1 200 200"
2026-09-23 16:41:46,241 INFO HTTP Request: GET https://www.nipa.kr/home/bsnsAll/0/nttList?bbsNo=4&tab=2&curPage=124 "HTTP/1.1 200 200"
2026-09-23 16:41:46,630 INFO HTTP Request: GET https://www.nipa.kr/home/bsnsAll/0/nttList?bbsNo=4&tab=2&curPage=125 "HTTP/1.1 200 200"
2026-09-23 16:41:46,913 INFO HTTP Request: GET https://www.nipa.kr/home/bsnsAll/0/nttList?bbsNo=4&tab=2&curPage=126 "HTTP/1.1 200 200"
2026-09-23 16:41:47,206 INFO HTTP Request: GET https://www.nipa.kr/home/bsnsAll/0/nttList?bbsNo=4&tab=2&curPage=127 "HTTP/1.1 200 200"
2026-09-23 16:41:47,511 INFO HTTP Request: GET https://www.nipa.kr/home/bsnsAll/0/nttList?bbsNo=4&tab=2&curPage=128 "HTTP/1.1 200 200"
2026-09-23 16:41:47,801 INFO HTTP Request: GET https://www.nipa.kr/home/bsnsAll/0/nttList?bbsNo=4&tab=2&curPage=129 "HTTP/1.1 200 200"
2026-09-23 16:41:48,124 INFO HTTP Request: GET https://www.nipa.kr/home/bsnsAll/0/nttList?bbsNo=4&tab=2&curPage=130 "HTTP/1.1 200 200"
2026-09-23 16:41:48,648 INFO HTTP Request: GET https://www.nipa.kr/home/bsnsAll/0/nttList?bbsNo=4&tab=2&curPage=131 "HTTP/1.1 200 200"
2026-09-23 16:41:49,362 INFO HTTP Request: GET https://www.nipa.kr/home/bsnsAll/0/nttList?bbsNo=4&tab=2&curPage=132 "HTTP/1.1 200 200"
2026-09-23 16:41:49,632 INFO HTTP Request: GET https://www.nipa.kr/home/bsnsAll/0/nttList?bbsNo=4&tab=2&curPage=133 "HTTP/1.1 200 200"
2026-09-23 16:41:49,914 INFO HTTP Request: GET https://www.nipa.kr/home/bsnsAll/0/nttList?bbsNo=4&tab=2&curPage=134 "HTTP/1.1 200 200"
2026-09-23 16:41:50,209 INFO HTTP Request: GET https://www.nipa.kr/home/bsnsAll/0/nttList?bbsNo=4&tab=2&curPage=135 "HTTP/1.1 200 200"
2026-09-23 16:41:50,454 INFO HTTP Request: GET https://www.nipa.kr/home/bsnsAll/0/nttList?bbsNo=4&tab=2&curPage=136 "HTTP/1.1 200 200"
2026-09-23 16:41:50,714 INFO HTTP Request: GET https://www.nipa.kr/home/bsnsAll/0/nttList?bbsNo=4&tab=2&curPage=137 "HTTP/1.1 200 200"
2026-09-23 16:41:51,047 INFO HTTP Request: GET https://www.nipa.kr/home/bsnsAll/0/nttList?bbsNo=4&tab=2&curPage=138 "HTTP/1.1 200 200"
2026-09-23 16:41:51,321 INFO HTTP Request: GET https://www.nipa.kr/home/bsnsAll/0/nttList?bbsNo=4&tab=2&curPage=139 "HTTP/1.1 200 200"
2026-09-23 16:41:51,619 INFO HTTP Request: GET https://www.nipa.kr/home/bsnsAll/0/nttList?bbsNo=4&tab=2&curPage=140 "HTTP/1.1 200 200"
2026-09-23 16:41:51,902 INFO HTTP Request: GET https://www.nipa.kr/home/bsnsAll/0/nttList?bbsNo=4&tab=2&curPage=141 "HTTP/1.1 200 200"
2026-09-23 16:41:52,251 INFO HTTP Request: GET https://www.nipa.kr/home/bsnsAll/0/nttList?bbsNo=4&tab=2&curPage=142 "HTTP/1.1 200 200"
2026-09-23 16:41:52,563 INFO HTTP Request: GET https://www.nipa.kr/home/bsnsAll/0/nttList?bbsNo=4&tab=2&curPage=143 "HTTP/1.1 200 200"
2026-09-23 16:41:52,874 INFO HTTP Request: GET https://www.nipa.kr/home/bsnsAll/0/nttList?bbsNo=4&tab=2&curPage=144 "HTTP/1.1 200 200"
2026-09-23 16:41:53,354 INFO HTTP Request: GET https://www.nipa.kr/home/bsnsAll/0/nttList?bbsNo=4&tab=2&curPage=145 "HTTP/1.1 200 200"
2026-09-23 16:41:53,636 INFO HTTP Request: GET https://www.nipa.kr/home/bsnsAll/0/nttList?bbsNo=4&tab=2&curPage=146 "HTTP/1.1 200 200"
2026-09-23 16:41:54,015 INFO HTTP Request: GET https://www.nipa.kr/home/bsnsAll/0/nttList?bbsNo=4&tab=2&curPage=147 "HTTP/1.1 200 200"
2026-09-23 16:41:54,345 INFO HTTP Request: GET https://www.nipa.kr/home/bsnsAll/0/nttList?bbsNo=4&tab=2&curPage=148 "HTTP/1.1 200 200"
2026-09-23 16:41:54,735 INFO HTTP Request: GET https://www.nipa.kr/home/bsnsAll/0/nttList?bbsNo=4&tab=2&curPage=149 "HTTP/1.1 200 200"
2026-09-23 16:41:55,037 INFO HTTP Request: GET https://www.nipa.kr/home/bsnsAll/0/nttList?bbsNo=4&tab=2&curPage=150 "HTTP/1.1 200 200"
2026-09-23 16:41:55,316 INFO HTTP Request: GET https://www.nipa.kr/home/bsnsAll/0/nttList?bbsNo=4&tab=2&curPage=151 "HTTP/1.1 200 200"
2026-09-23 16:41:55,575 INFO HTTP Request: GET https://www.nipa.kr/home/bsnsAll/0/nttList?bbsNo=4&tab=2&curPage=152 "HTTP/1.1 200 200"
2026-09-23 16:41:55,844 INFO HTTP Request: GET https://www.nipa.kr/home/bsnsAll/0/nttList?bbsNo=4&tab=2&curPage=153 "HTTP/1.1 200 200"
2026-09-23 16:41:56,151 INFO HTTP Request: GET https://www.nipa.kr/home/bsnsAll/0/nttList?bbsNo=4&tab=2&curPage=154 "HTTP/1.1 200 200"
2026-09-23 16:41:56,437 INFO HTTP Request: GET https://www.nipa.kr/home/bsnsAll/0/nttList?bbsNo=4&tab=2&curPage=155 "HTTP/1.1 200 200"
2026-09-23 16:41:56,744 INFO HTTP Request: GET https://www.nipa.kr/home/bsnsAll/0/nttList?bbsNo=4&tab=2&curPage=156 "HTTP/1.1 200 200"
2026-09-23 16:41:57,060 INFO HTTP Request: GET https://www.nipa.kr/home/bsnsAll/0/nttList?bbsNo=4&tab=2&curPage=157 "HTTP/1.1 200 200"
2026-09-23 16:41:57,378 INFO HTTP Request: GET https://www.nipa.kr/home/bsnsAll/0/nttList?bbsNo=4&tab=2&curPage=158 "HTTP/1.1 200 200"
2026-09-23 16:41:57,701 INFO HTTP Request: GET https://www.nipa.kr/home/bsnsAll/0/nttList?bbsNo=4&tab=2&curPage=159 "HTTP/1.1 200 200"
2026-09-23 16:41:57,975 INFO HTTP Request: GET https://www.nipa.kr/home/bsnsAll/0/nttList?bbsNo=4&tab=2&curPage=160 "HTTP/1.1 200 200"
2026-09-23 16:41:58,308 INFO HTTP Request: GET https://www.nipa.kr/home/bsnsAll/0/nttList?bbsNo=4&tab=2&curPage=161 "HTTP/1.1 200 200"
2026-09-23 16:41:58,647 INFO HTTP Request: GET https://www.nipa.kr/home/bsnsAll/0/nttList?bbsNo=4&tab=2&curPage=162 "HTTP/1.1 200 200"
2026-09-23 16:41:58,957 INFO HTTP Request: GET https://www.nipa.kr/home/bsnsAll/0/nttList?bbsNo=4&tab=2&curPage=163 "HTTP/1.1 200 200"
2026-09-23 16:41:59,249 INFO HTTP Request: GET https://www.nipa.kr/home/bsnsAll/0/nttList?bbsNo=4&tab=2&curPage=164 "HTTP/1.1 200 200"
2026-09-23 16:41:59,523 INFO HTTP Request: GET https://www.nipa.kr/home/bsnsAll/0/nttList?bbsNo=4&tab=2&curPage=165 "HTTP/1.1 200 200"
2026-09-23 16:41:59,812 INFO HTTP Request: GET https://www.nipa.kr/home/bsnsAll/0/nttList?bbsNo=4&tab=2&curPage=166 "HTTP/1.1 200 200"
2026-09-23 16:42:00,095 INFO HTTP Request: GET https://www.nipa.kr/home/bsnsAll/0/nttList?bbsNo=4&tab=2&curPage=167 "HTTP/1.1 200 200"
2026-09-23 16:42:00,913 INFO HTTP Request: GET https://www.nipa.kr/home/bsnsAll/0/nttList?bbsNo=4&tab=2&curPage=168 "HTTP/1.1 200 200"
2026-09-23 16:42:01,240 INFO HTTP Request: GET https://www.nipa.kr/home/bsnsAll/0/nttList?bbsNo=4&tab=2&curPage=169 "HTTP/1.1 200 200"
2026-09-23 16:42:01,524 INFO HTTP Request: GET https://www.nipa.kr/home/bsnsAll/0/nttList?bbsNo=4&tab=2&curPage=170 "HTTP/1.1 200 200"
2026-09-23 16:42:01,831 INFO HTTP Request: GET https://www.nipa.kr/home/bsnsAll/0/nttList?bbsNo=4&tab=2&curPage=171 "HTTP/1.1 200 200"
2026-09-23 16:42:02,153 INFO HTTP Request: GET https://www.nipa.kr/home/bsnsAll/0/nttList?bbsNo=4&tab=2&curPage=172 "HTTP/1.1 200 200"
2026-09-23 16:42:02,458 INFO HTTP Request: GET https://www.nipa.kr/home/bsnsAll/0/nttList?bbsNo=4&tab=2&curPage=173 "HTTP/1.1 200 200"
2026-09-23 16:42:02,778 INFO HTTP Request: GET https://www.nipa.kr/home/bsnsAll/0/nttList?bbsNo=4&tab=2&curPage=174 "HTTP/1.1 200 200"
2026-09-23 16:42:03,068 INFO HTTP Request: GET https://www.nipa.kr/home/bsnsAll/0/nttList?bbsNo=4&tab=2&curPage=175 "HTTP/1.1 200 200"
2026-09-23 16:42:03,349 INFO HTTP Request: GET https://www.nipa.kr/home/bsnsAll/0/nttList?bbsNo=4&tab=2&curPage=176 "HTTP/1.1 200 200"
2026-09-23 16:42:03,666 INFO HTTP Request: GET https://www.nipa.kr/home/bsnsAll/0/nttList?bbsNo=4&tab=2&curPage=177 "HTTP/1.1 200 200"
2026-09-23 16:42:03,911 INFO HTTP Request: GET https://www.nipa.kr/home/bsnsAll/0/nttList?bbsNo=4&tab=2&curPage=178 "HTTP/1.1 200 200"
2026-09-23 16:42:04,144 INFO HTTP Request: GET https://www.nipa.kr/home/bsnsAll/0/nttList?bbsNo=4&tab=2&curPage=179 "HTTP/1.1 200 200"
2026-09-23 16:42:04,434 INFO HTTP Request: GET https://www.nipa.kr/home/bsnsAll/0/nttList?bbsNo=4&tab=2&curPage=180 "HTTP/1.1 200 200"
2026-09-23 16:42:04,669 INFO HTTP Request: GET https://www.nipa.kr/home/bsnsAll/0/nttList?bbsNo=4&tab=2&curPage=181 "HTTP/1.1 200 200"
2026-09-23 16:42:04,916 INFO HTTP Request: GET https://www.nipa.kr/home/bsnsAll/0/nttList?bbsNo=4&tab=2&curPage=182 "HTTP/1.1 200 200"
2026-09-23 16:42:05,199 INFO HTTP Request: GET https://www.nipa.kr/home/bsnsAll/0/nttList?bbsNo=4&tab=2&curPage=183 "HTTP/1.1 200 200"
2026-09-23 16:42:05,474 INFO HTTP Request: GET https://www.nipa.kr/home/bsnsAll/0/nttList?bbsNo=4&tab=2&curPage=184 "HTTP/1.1 200 200"
2026-09-23 16:42:05,742 INFO HTTP Request: GET https://www.nipa.kr/home/bsnsAll/0/nttList?bbsNo=4&tab=2&curPage=185 "HTTP/1.1 200 200"
2026-09-23 16:42:05,992 INFO HTTP Request: GET https://www.nipa.kr/home/bsnsAll/0/nttList?bbsNo=4&tab=2&curPage=186 "HTTP/1.1 200 200"
2026-09-23 16:42:06,237 INFO HTTP Request: GET https://www.nipa.kr/home/bsnsAll/0/nttList?bbsNo=4&tab=2&curPage=187 "HTTP/1.1 200 200"
2026-09-23 16:42:06,480 INFO HTTP Request: GET https://www.nipa.kr/home/bsnsAll/0/nttList?bbsNo=4&tab=2&curPage=188 "HTTP/1.1 200 200"
2026-09-23 16:42:06,733 INFO HTTP Request: GET https://www.nipa.kr/home/bsnsAll/0/nttList?bbsNo=4&tab=2&curPage=189 "HTTP/1.1 200 200"
2026-09-23 16:42:07,002 INFO HTTP Request: GET https://www.nipa.kr/home/bsnsAll/0/nttList?bbsNo=4&tab=2&curPage=190 "HTTP/1.1 200 200"
2026-09-23 16:42:07,239 INFO HTTP Request: GET https://www.nipa.kr/home/bsnsAll/0/nttList?bbsNo=4&tab=2&curPage=191 "HTTP/1.1 200 200"
2026-09-23 16:42:07,463 INFO HTTP Request: GET https://www.nipa.kr/home/bsnsAll/0/nttList?bbsNo=4&tab=2&curPage=192 "HTTP/1.1 200 200"
2026-09-23 16:42:07,790 INFO HTTP Request: GET https://www.nipa.kr/home/bsnsAll/0/nttList?bbsNo=4&tab=2&curPage=193 "HTTP/1.1 200 200"
2026-09-23 16:42:08,098 INFO HTTP Request: GET https://www.nipa.kr/home/bsnsAll/0/nttList?bbsNo=4&tab=2&curPage=194 "HTTP/1.1 200 200"
2026-09-23 16:42:08,420 INFO HTTP Request: GET https://www.nipa.kr/home/bsnsAll/0/nttList?bbsNo=4&tab=2&curPage=195 "HTTP/1.1 200 200"
2026-09-23 16:42:08,729 INFO HTTP Request: GET https://www.nipa.kr/home/bsnsAll/0/nttList?bbsNo=4&tab=2&curPage=196 "HTTP/1.1 200 200"
2026-09-23 16:42:08,967 INFO HTTP Request: GET https://www.nipa.kr/home/bsnsAll/0/nttList?bbsNo=4&tab=2&curPage=197 "HTTP/1.1 200 200"
2026-09-23 16:42:09,201 INFO HTTP Request: GET https://www.nipa.kr/home/bsnsAll/0/nttList?bbsNo=4&tab=2&curPage=198 "HTTP/1.1 200 200"
2026-09-23 16:42:09,431 INFO HTTP Request: GET https://www.nipa.kr/home/bsnsAll/0/nttList?bbsNo=4&tab=2&curPage=199 "HTTP/1.1 200 200"
2026-09-23 16:42:09,687 INFO HTTP Request: GET https://www.nipa.kr/home/bsnsAll/0/nttList?bbsNo=4&tab=2&curPage=200 "HTTP/1.1 200 200"
2026-09-23 16:42:10,069 INFO HTTP Request: GET https://www.nipa.kr/home/bsnsAll/0/nttList?bbsNo=4&tab=2&curPage=201 "HTTP/1.1 200 200"
2026-09-23 16:42:10,335 INFO HTTP Request: GET https://www.nipa.kr/home/bsnsAll/0/nttList?bbsNo=4&tab=2&curPage=202 "HTTP/1.1 200 200"
2026-09-23 16:42:10,951 INFO HTTP Request: GET https://www.nipa.kr/home/bsnsAll/0/nttList?bbsNo=4&tab=2&curPage=203 "HTTP/1.1 200 200"
2026-09-23 16:42:11,205 INFO HTTP Request: GET https://www.nipa.kr/home/bsnsAll/0/nttList?bbsNo=4&tab=2&curPage=204 "HTTP/1.1 200 200"
2026-09-23 16:42:11,473 INFO HTTP Request: GET https://www.nipa.kr/home/bsnsAll/0/nttList?bbsNo=4&tab=2&curPage=205 "HTTP/1.1 200 200"
2026-09-23 16:42:11,733 INFO HTTP Request: GET https://www.nipa.kr/home/bsnsAll/0/nttList?bbsNo=4&tab=2&curPage=206 "HTTP/1.1 200 200"
2026-09-23 16:42:11,956 INFO HTTP Request: GET https://www.nipa.kr/home/bsnsAll/0/nttList?bbsNo=4&tab=2&curPage=207 "HTTP/1.1 200 200"
2026-09-23 16:42:12,200 INFO HTTP Request: GET https://www.nipa.kr/home/bsnsAll/0/nttList?bbsNo=4&tab=2&curPage=208 "HTTP/1.1 200 200"
2026-09-23 16:42:12,458 INFO HTTP Request: GET https://www.nipa.kr/home/bsnsAll/0/nttList?bbsNo=4&tab=2&curPage=209 "HTTP/1.1 200 200"
2026-09-23 16:42:12,695 INFO HTTP Request: GET https://www.nipa.kr/home/bsnsAll/0/nttList?bbsNo=4&tab=2&curPage=210 "HTTP/1.1 200 200"
2026-09-23 16:42:12,769 INFO 정보통신산업진흥원(NIPA): 2089건
2026-09-23 16:42:12,793 INFO 날짜분류(최근 1영업일, 2026-09-22~2026-09-22): 확정 0 / 날짜불명 2089 / 제외 0
2026-09-23 16:42:13,288 INFO HTTP Request: GET https://www.kiat.or.kr/front/board/boardContentsListAjax.do?board_id=90&che1=all&miv_pageSize=15 "HTTP/1.1 200 200"
2026-09-23 16:42:13,305 INFO 한국산업기술진흥원(KIAT): 15건
2026-09-23 16:42:13,306 INFO 날짜분류(최근 1영업일, 2026-09-22~2026-09-22): 확정 0 / 날짜불명 0 / 제외 15
2026-09-23 16:42:13,463 INFO HTTP Request: GET https://itech.keit.re.kr/bsnsancm/retrieveSprtBsnsAncmList.do "HTTP/1.1 200 OK"
2026-09-23 16:42:13,477 INFO 한국산업기술평가관리원(KEIT): 3건
2026-09-23 16:42:13,477 INFO 날짜분류(최근 1영업일, 2026-09-22~2026-09-22): 확정 0 / 날짜불명 3 / 제외 0
2026-09-23 16:42:13,551 INFO HTTP Request: GET https://www.kosmes.or.kr/nsh/SH/NTS/SHNTS001M0.do "HTTP/1.1 200 200"
2026-09-23 16:42:13,622 INFO HTTP Request: POST https://www.kosmes.or.kr/sh/nts/notice_list.json "HTTP/1.1 200 200"
2026-09-23 16:42:13,629 INFO 중소벤처기업진흥공단(KOSME): 44건
2026-09-23 16:42:13,631 INFO 날짜분류(최근 1영업일, 2026-09-22~2026-09-22): 확정 1 / 날짜불명 0 / 제외 43
2026-09-23 16:42:13,733 INFO HTTP Request: POST https://ols.semas.or.kr/ols/man/SMAN051M/search.do "HTTP/1.1 201 Created"
2026-09-23 16:42:13,775 INFO HTTP Request: POST https://ols.semas.or.kr/ols/man/SMAN051M/search.do "HTTP/1.1 201 Created"
2026-09-23 16:42:13,817 INFO HTTP Request: POST https://ols.semas.or.kr/ols/man/SMAN051M/search.do "HTTP/1.1 201 Created"
2026-09-23 16:42:13,818 INFO 소진공 정책자금 온라인신청: 27건
2026-09-23 16:42:13,819 INFO 날짜분류(최근 1영업일, 2026-09-22~2026-09-22): 확정 0 / 날짜불명 0 / 제외 27
2026-09-23 16:42:14,151 INFO HTTP Request: GET https://www.kised.or.kr/misAnnouncement/index.es?mid=a10302000000 "HTTP/1.1 200 200"
2026-09-23 16:42:14,223 INFO 창업진흥원(KISED): 30건
2026-09-23 16:42:14,224 INFO 날짜분류(최근 1영업일, 2026-09-22~2026-09-22): 확정 0 / 날짜불명 30 / 제외 0
2026-09-23 16:42:14,928 INFO HTTP Request: GET https://ezone.iitp.kr/main/main "HTTP/1.1 200 OK"
2026-09-23 16:42:15,001 INFO 정보통신기획평가원(IITP) 사업공고: 6건
2026-09-23 16:42:15,002 INFO 날짜분류(최근 1영업일, 2026-09-22~2026-09-22): 확정 0 / 날짜불명 6 / 제외 0
2026-09-23 16:42:15,248 INFO HTTP Request: GET https://www.kocca.kr/kocca/pims/list.do?menuNo=204104 "HTTP/1.1 200 200"
2026-09-23 16:42:15,387 INFO 한국콘텐츠진흥원(사업공고): 5건
2026-09-23 16:42:15,388 INFO 날짜분류(최근 1영업일, 2026-09-22~2026-09-22): 확정 0 / 날짜불명 5 / 제외 0
2026-09-23 16:42:15,624 INFO HTTP Request: GET https://www.kocca.kr/kocca/bbs/list/B0158960.do?menuNo=204392 "HTTP/1.1 200 200"
2026-09-23 16:42:16,526 INFO 한국콘텐츠진흥원(금융): 11건
2026-09-23 16:42:16,527 INFO 날짜분류(최근 1영업일, 2026-09-22~2026-09-22): 확정 0 / 날짜불명 1 / 제외 10
2026-09-23 16:42:16,746 INFO HTTP Request: GET https://www.ksure.or.kr/rh-kr/bbs/i-412/list.do "HTTP/1.1 200 OK"
2026-09-23 16:42:17,143 INFO HTTP Request: GET https://www.ksure.or.kr/rh-kr/bbs/i-412/list.do?pageIndex=2&searchCondition=&pageItm=10 "HTTP/1.1 200 OK"
2026-09-23 16:42:17,253 INFO 한국무역보험공사(K-SURE): 22건 (2p)
2026-09-23 16:42:17,254 INFO 날짜분류(최근 1영업일, 2026-09-22~2026-09-22): 확정 0 / 날짜불명 0 / 제외 22
2026-09-23 16:42:17,359 INFO HTTP Request: GET https://www.kodit.co.kr/kodit/na/ntt/selectNttList.do?mi=2638&bbsId=148 "HTTP/1.1 308 Permanent Redirect"
2026-09-23 16:42:17,638 INFO HTTP Request: GET https://www.kodit.or.kr/kodit/na/ntt/selectNttList.do?mi=2638&bbsId=148 "HTTP/1.1 200 OK"
2026-09-23 16:42:17,767 INFO 신용보증기금(KODIT): 10건
2026-09-23 16:42:17,768 INFO 날짜분류(최근 1영업일, 2026-09-22~2026-09-22): 확정 2 / 날짜불명 0 / 제외 8
2026-09-23 16:42:18,009 INFO HTTP Request: GET https://www.khidi.or.kr/board?menuId=MENU02096 "HTTP/1.1 200 200"
2026-09-23 16:42:18,243 INFO HTTP Request: GET https://www.khidi.or.kr/board?pageNum=2&rowCnt=10&menuId=MENU02096&maxIndex=00488954269998&minIndex=00488900439998&schType=0&schText=&schStartDate=&schEndDate=&boardStyle=&categoryId=&continent=&country=&upDown=0 "HTTP/1.1 200 200"
2026-09-23 16:42:18,287 INFO 한국보건산업진흥원(KHIDI): 20건 (2p)
2026-09-23 16:42:18,288 INFO 날짜분류(최근 1영업일, 2026-09-22~2026-09-22): 확정 0 / 날짜불명 4 / 제외 16
2026-09-23 16:42:19,650 INFO HTTP Request: GET https://www.keiti.re.kr/site/keiti/ex/board/List.do?cbIdx=277 "HTTP/1.1 200 OK"
2026-09-23 16:42:20,172 INFO 한국환경산업기술원(KEITI): 10건
2026-09-23 16:42:20,175 INFO 날짜분류(최근 1영업일, 2026-09-22~2026-09-22): 확정 2 / 날짜불명 0 / 제외 8
2026-09-23 16:42:21,467 INFO HTTP Request: GET https://www.ketep.re.kr/businessAcment?menuId=MENU002080200000000 "HTTP/1.1 200 OK"
2026-09-23 16:42:21,790 INFO HTTP Request: GET https://www.ketep.re.kr/businessAcment?menuId=MENU002080200000000&subj_dmsy_tc=&status=&ancm_strt_date=&ancm_end_date=&ancm_nm=&pageNum=2&rowCnt=10&upDown=0 "HTTP/1.1 200 OK"
2026-09-23 16:42:21,878 INFO 한국에너지기술평가원(KETEP): 20건 (2p)
2026-09-23 16:42:21,879 INFO 날짜분류(최근 1영업일, 2026-09-22~2026-09-22): 확정 0 / 날짜불명 0 / 제외 20
2026-09-23 16:42:22,059 INFO HTTP Request: GET https://www.kidp.or.kr/?menuno=918&act=list "HTTP/1.1 200 OK"
2026-09-23 16:42:22,731 INFO 한국디자인진흥원(KIDP): 10건
2026-09-23 16:42:22,731 INFO 날짜분류(최근 1영업일, 2026-09-22~2026-09-22): 확정 0 / 날짜불명 0 / 제외 10
2026-09-23 16:42:23,047 INFO HTTP Request: GET https://www.rdcdp.or.kr/index.do?menu_id=00000746 "HTTP/1.1 200 "
2026-09-23 16:42:23,186 INFO 지역디자인통합플랫폼: 0건
2026-09-23 16:42:23,186 INFO 날짜분류(최근 1영업일, 2026-09-22~2026-09-22): 확정 0 / 날짜불명 0 / 제외 0
2026-09-23 16:42:23,822 INFO HTTP Request: GET https://www.sba.seoul.kr/Pages/BusinessApply/Posting.aspx "HTTP/1.1 200 OK"
2026-09-23 16:42:24,154 INFO 서울산업진흥원(SBA): 10건
2026-09-23 16:42:24,155 INFO 날짜분류(최근 1영업일, 2026-09-22~2026-09-22): 확정 1 / 날짜불명 0 / 제외 9
2026-09-23 16:42:26,441 INFO HTTP Request: GET https://www.itp.or.kr/intro.asp?tmid=13&PageNum=1 "HTTP/1.1 200 OK"
2026-09-23 16:42:28,983 INFO HTTP Request: GET https://www.itp.or.kr/intro.asp?tmid=13&PageNum=2 "HTTP/1.1 200 OK"
2026-09-23 16:42:31,669 INFO HTTP Request: GET https://www.itp.or.kr/intro.asp?tmid=13&PageNum=3 "HTTP/1.1 200 OK"
2026-09-23 16:42:31,715 INFO 인천테크노파크: 30건
2026-09-23 16:42:31,715 INFO 날짜분류(최근 1영업일, 2026-09-22~2026-09-22): 확정 0 / 날짜불명 0 / 제외 30
2026-09-23 16:42:32,657 INFO HTTP Request: GET https://www.bepa.kr/kor/view.do?no=1508 "HTTP/1.1 200 200"
2026-09-23 16:42:32,760 INFO 부산경제진흥원(BEP): 11건
2026-09-23 16:42:32,760 INFO 날짜분류(최근 1영업일, 2026-09-22~2026-09-22): 확정 0 / 날짜불명 0 / 제외 11
2026-09-23 16:42:33,732 INFO HTTP Request: GET https://www.djtp.or.kr/board.es?mid=a20102000000&bid=0102 "HTTP/1.1 200 "
2026-09-23 16:42:34,857 INFO HTTP Request: GET https://www.djtp.or.kr/board.es?mid=a20102000000&bid=0102&cg_code=&keyWord=&nPage=2 "HTTP/1.1 200 "
2026-09-23 16:42:34,968 INFO 대전테크노파크: 20건 (2p)
2026-09-23 16:42:34,970 INFO 날짜분류(최근 1영업일, 2026-09-22~2026-09-22): 확정 0 / 날짜불명 0 / 제외 20
2026-09-23 16:42:35,580 INFO HTTP Request: GET https://myfair.co/support-program-list "HTTP/1.1 200 OK"
2026-09-23 16:42:35,603 INFO 마이페어: 15건
2026-09-23 16:42:35,604 INFO 날짜분류(최근 1영업일, 2026-09-22~2026-09-22): 확정 0 / 날짜불명 0 / 제외 15
2026-09-23 16:42:36,331 INFO HTTP Request: GET https://www.kita.net/asocBiz/asocBiz/asocBizOngoingList.do "HTTP/1.1 200 "
2026-09-23 16:42:36,516 INFO 한국무역협회(KITA): 10건
2026-09-23 16:42:36,517 INFO 날짜분류(최근 1영업일, 2026-09-22~2026-09-22): 확정 0 / 날짜불명 0 / 제외 10
2026-09-23 16:42:37,083 INFO HTTP Request: GET https://www.smtech.go.kr/front/ifg/no/notice02_list.do "HTTP/1.1 200 OK"
2026-09-23 16:42:37,225 INFO SMTECH(중소기업기술개발): 15건
2026-09-23 16:42:37,226 INFO 날짜분류(최근 1영업일, 2026-09-22~2026-09-22): 확정 1 / 날짜불명 0 / 제외 14
2026-09-23 16:42:38,353 INFO HTTP Request: GET https://pms.gtp.or.kr/web/business/webBusinessList.do "HTTP/1.1 200 OK"
2026-09-23 16:42:38,400 INFO 경기TP: 10건
2026-09-23 16:42:38,400 INFO 날짜분류(최근 1영업일, 2026-09-22~2026-09-22): 확정 0 / 날짜불명 0 / 제외 10
2026-09-23 16:42:38,617 INFO HTTP Request: GET https://www.gsp.or.kr/supportProject/UVSL0001.do "HTTP/1.1 200 "
2026-09-23 16:42:38,640 INFO 경기스타트업플랫폼: 5건
2026-09-23 16:42:38,641 INFO 날짜분류(최근 1영업일, 2026-09-22~2026-09-22): 확정 0 / 날짜불명 0 / 제외 5
2026-09-23 16:42:38,719 INFO HTTP Request: GET https://ccei.creativekorea.or.kr/service/business_list.do "HTTP/1.1 200 200"
2026-09-23 16:42:38,774 INFO 창조경제혁신센터(공고): 2건
2026-09-23 16:42:38,774 INFO 날짜분류(최근 1영업일, 2026-09-22~2026-09-22): 확정 0 / 날짜불명 2 / 제외 0
2026-09-23 16:42:38,839 INFO HTTP Request: GET https://ccei.creativekorea.or.kr/service/event_list.do "HTTP/1.1 200 200"
2026-09-23 16:42:38,866 INFO 창조경제혁신센터(행사): 2건
2026-09-23 16:42:38,866 INFO 날짜분류(최근 1영업일, 2026-09-22~2026-09-22): 확정 0 / 날짜불명 2 / 제외 0
2026-09-23 16:42:41,801 INFO HTTP Request: GET https://www.seoultp.or.kr/user/nd19746.do "HTTP/1.1 200 OK"
2026-09-23 16:42:41,820 INFO 서울TP: 15건
2026-09-23 16:42:41,820 INFO 날짜분류(최근 1영업일, 2026-09-22~2026-09-22): 확정 0 / 날짜불명 5 / 제외 10
2026-09-23 16:42:42,194 INFO HTTP Request: GET https://kovwa.or.kr/94 "HTTP/1.1 200 OK"
2026-09-23 16:42:42,800 INFO HTTP Request: GET https://kovwa.or.kr/94/?q=YToxOntzOjEyOiJrZXl3b3JkX3R5cGUiO3M6MzoiYWxsIjt9&page=2 "HTTP/1.1 200 OK"
2026-09-23 16:42:43,163 INFO 한국여성벤처협회: 120건 (2p)
2026-09-23 16:42:43,166 INFO 날짜분류(최근 1영업일, 2026-09-22~2026-09-22): 확정 0 / 날짜불명 84 / 제외 36
2026-09-23 16:42:45,088 INFO HTTP Request: GET https://ppi.g2b.go.kr:8914/cm/bbs/usr/00031/bbsList_usr.do "HTTP/1.1 200 OK"
2026-09-23 16:42:45,133 INFO 혁신제품지정공고(나라장터): 0건
2026-09-23 16:42:45,133 INFO 날짜분류(최근 1영업일, 2026-09-22~2026-09-22): 확정 0 / 날짜불명 0 / 제외 0
2026-09-23 16:42:45,870 INFO HTTP Request: GET https://www.kocca.kr/kocca/bbs/list/B0000138.do?menuNo=204024 "HTTP/1.1 200 200"
2026-09-23 16:42:46,174 INFO 한국콘텐츠진흥원(일반공고): 1건
2026-09-23 16:42:46,174 INFO 날짜분류(최근 1영업일, 2026-09-22~2026-09-22): 확정 0 / 날짜불명 1 / 제외 0
2026-09-23 16:42:46,290 INFO HTTP Request: GET https://bizok.incheon.go.kr/open_content/support.do "HTTP/1.1 200 OK"
2026-09-23 16:42:46,315 INFO 비즈오케이(BizOK) - 인천기업지원: 12건
2026-09-23 16:42:46,315 INFO 날짜분류(최근 1영업일, 2026-09-22~2026-09-22): 확정 0 / 날짜불명 12 / 제외 0
2026-09-23 16:42:46,361 INFO HTTP Request: GET https://bizok.incheon.go.kr/open_content/support/plan/plan2026.jsp "HTTP/1.1 200 OK"
2026-09-23 16:42:46,651 INFO 비즈오케이 - 인천 연간사업공고계획: 0건
2026-09-23 16:42:46,652 INFO 날짜분류(최근 1영업일, 2026-09-22~2026-09-22): 확정 0 / 날짜불명 0 / 제외 0
2026-09-23 16:42:47,345 INFO HTTP Request: GET http://announce.incheon.go.kr/citynet/jsp/sap/SAPGosiBizProcess.do?command=searchList&flag=gosiGL&svp=Y&sido=ic "HTTP/1.1 200 OK"
2026-09-23 16:42:47,399 INFO 인천광역시청 - 공고/고시: 10건
2026-09-23 16:42:47,400 INFO 날짜분류(최근 1영업일, 2026-09-22~2026-09-22): 확정 2 / 날짜불명 0 / 제외 8
2026-09-23 16:42:49,500 INFO HTTP Request: GET https://www.itp.or.kr/intro.asp?tmid=15&PageNum=1 "HTTP/1.1 200 OK"
2026-09-23 16:42:51,889 INFO HTTP Request: GET https://www.itp.or.kr/intro.asp?tmid=15&PageNum=2 "HTTP/1.1 200 OK"
2026-09-23 16:42:53,982 INFO HTTP Request: GET https://www.itp.or.kr/intro.asp?tmid=15&PageNum=3 "HTTP/1.1 200 OK"
2026-09-23 16:42:54,294 INFO 인천테크노파크(ITP) - 공지사항: 30건
2026-09-23 16:42:54,312 INFO 날짜분류(최근 1영업일, 2026-09-22~2026-09-22): 확정 2 / 날짜불명 0 / 제외 28
2026-09-23 16:42:56,197 INFO HTTP Request: GET https://www.ifez.go.kr/main/pst/list.do?pst_id=noti03 "HTTP/1.1 200 200"
2026-09-23 16:42:56,469 INFO 인천경제자유구역청(IFEZ): 10건
2026-09-23 16:42:56,472 INFO 날짜분류(최근 1영업일, 2026-09-22~2026-09-22): 확정 0 / 날짜불명 0 / 제외 10
2026-09-23 16:42:56,600 INFO HTTP Request: GET https://incheon.korcham.net/front/board/boardContentsListPage.do?boardId=51228 "HTTP/1.1 200 OK"
2026-09-23 16:42:56,612 INFO 인천상공회의소: 0건
2026-09-23 16:42:56,612 INFO 날짜분류(최근 1영업일, 2026-09-22~2026-09-22): 확정 0 / 날짜불명 0 / 제외 0
2026-09-23 16:42:56,759 INFO HTTP Request: GET https://www.ema.or.kr/bbs/support "HTTP/1.1 200 OK"
2026-09-23 16:42:56,967 INFO HTTP Request: GET https://www.ema.or.kr/bbs_shop/list.htm?page=2&board_code=support "HTTP/1.1 200 OK"
2026-09-23 16:42:57,003 INFO 인천수출경영자협의회: 30건 (2p)
2026-09-23 16:42:57,004 INFO 날짜분류(최근 1영업일, 2026-09-22~2026-09-22): 확정 0 / 날짜불명 2 / 제외 28
2026-09-23 16:42:57,059 INFO HTTP Request: GET http://www.insupport.or.kr/sub/?mcode=0404010000 "HTTP/1.1 301 Moved Permanently"
2026-09-23 16:42:57,744 INFO HTTP Request: GET https://www.insupport.or.kr/sub/?mcode=0404010000 "HTTP/1.1 200 OK"
2026-09-23 16:42:57,870 INFO HTTP Request: GET http://www.insupport.or.kr/sub/?mcode=0404010000&mode=1&page=2 "HTTP/1.1 301 Moved Permanently"
2026-09-23 16:42:58,578 INFO HTTP Request: GET https://www.insupport.or.kr/sub/?mcode=0404010000&mode=1&page=2 "HTTP/1.1 200 OK"
2026-09-23 16:42:58,607 INFO 인천소상공인종합지원센터: 30건 (2p)
2026-09-23 16:42:58,608 INFO 날짜분류(최근 1영업일, 2026-09-22~2026-09-22): 확정 0 / 날짜불명 0 / 제외 30
2026-09-23 16:42:58,721 INFO HTTP Request: GET https://www.icsinbo.or.kr/home/board/brdList.do?menu_cd=000044 "HTTP/1.1 200 "
2026-09-23 16:42:58,903 INFO 인천신용보증재단: 0건
2026-09-23 16:42:58,903 INFO 날짜분류(최근 1영업일, 2026-09-22~2026-09-22): 확정 0 / 날짜불명 0 / 제외 0
2026-09-23 16:42:59,160 INFO HTTP Request: GET https://www.jemulpo.go.kr/main/bbs/bbsMsgList.do?bcd=announce "HTTP/1.1 200 200"
2026-09-23 16:42:59,705 INFO 인천 제물포구청(구 중구청): 10건
2026-09-23 16:42:59,706 INFO 날짜분류(최근 1영업일, 2026-09-22~2026-09-22): 확정 1 / 날짜불명 8 / 제외 1
2026-09-23 16:43:00,563 INFO HTTP Request: GET https://www.yeonsu.go.kr/main/community/notify/notice.asp "HTTP/1.1 200 OK"
2026-09-23 16:43:00,942 INFO 인천 연수구청: 35건
2026-09-23 16:43:00,943 INFO 날짜분류(최근 1영업일, 2026-09-22~2026-09-22): 확정 2 / 날짜불명 0 / 제외 33
2026-09-23 16:43:01,212 INFO HTTP Request: GET https://www.namdong.go.kr/main/news/announce.jsp "HTTP/1.1 200 OK"
2026-09-23 16:43:01,636 INFO 인천 남동구청: 10건
2026-09-23 16:43:01,637 INFO 날짜분류(최근 1영업일, 2026-09-22~2026-09-22): 확정 5 / 날짜불명 0 / 제외 5
2026-09-23 16:43:05,067 INFO HTTP Request: GET https://www.icbp.go.kr/main/eminwon/eminwonAnnounceList.do "HTTP/1.1 200 OK"
2026-09-23 16:43:06,025 INFO 인천 부평구청: 10건
2026-09-23 16:43:06,028 INFO 날짜분류(최근 1영업일, 2026-09-22~2026-09-22): 확정 0 / 날짜불명 0 / 제외 10
2026-09-23 16:43:06,225 INFO HTTP Request: GET https://www.seo.incheon.kr/ "HTTP/1.1 301 Moved Permanently"
2026-09-23 16:43:06,318 INFO HTTP Request: GET https://www.seohae.go.kr/ "HTTP/1.1 302 Moved Temporarily"
2026-09-23 16:43:07,798 INFO HTTP Request: GET https://www.seohae.go.kr/open_content/main/ "HTTP/1.1 200 OK"
2026-09-23 16:43:08,145 INFO 인천 서구청: 16건
2026-09-23 16:43:08,146 INFO 날짜분류(최근 1영업일, 2026-09-22~2026-09-22): 확정 5 / 날짜불명 3 / 제외 8
2026-09-23 16:43:08,364 INFO HTTP Request: GET https://www.kotra.or.kr/subList/20000020753 "HTTP/1.1 200 OK"
2026-09-23 16:43:08,886 INFO HTTP Request: POST https://www.kotra.or.kr/module/subhome/bizAply/selectBmBizAllListAjax.do "HTTP/1.1 200 OK"
2026-09-23 16:43:08,973 INFO HTTP Request: POST https://www.kotra.or.kr/module/subhome/bizAply/selectBmBizAllListAjax.do "HTTP/1.1 200 OK"
2026-09-23 16:43:09,039 INFO HTTP Request: POST https://www.kotra.or.kr/module/subhome/bizAply/selectBmBizAllListAjax.do "HTTP/1.1 200 OK"
2026-09-23 16:43:09,103 INFO HTTP Request: POST https://www.kotra.or.kr/module/subhome/bizAply/selectBmBizAllListAjax.do "HTTP/1.1 200 OK"
2026-09-23 16:43:09,168 INFO HTTP Request: POST https://www.kotra.or.kr/module/subhome/bizAply/selectBmBizAllListAjax.do "HTTP/1.1 200 OK"
2026-09-23 16:43:09,194 INFO KOTRA 무역투자24 - 사업공고: 10건
2026-09-23 16:43:09,194 INFO 날짜분류(최근 1영업일, 2026-09-22~2026-09-22): 확정 0 / 날짜불명 10 / 제외 0
2026-09-23 16:43:10,729 INFO HTTP Request: GET https://www.semas.or.kr/web/board/webBoardList.kmdc?bCd=1&pNm=BOA0101 "HTTP/1.1 200 OK"
2026-09-23 16:43:29,345 INFO HTTP Request: GET https://www.semas.or.kr/web/board/webBoardList.kmdc?bCd=1&schCon=&schStr=&schCat=&schExpart=&schArea=&schStat=&pNm=BOA0101&page=2 "HTTP/1.1 200 OK"
2026-09-23 16:43:29,393 INFO 소상공인시장진흥공단 - 사업공고: 20건 (2p)
2026-09-23 16:43:29,394 INFO 날짜분류(최근 1영업일, 2026-09-22~2026-09-22): 확정 0 / 날짜불명 0 / 제외 20
2026-09-23 16:43:30,250 INFO HTTP Request: GET https://www.khidi.or.kr/board?menuId=MENU01108 "HTTP/1.1 200 200"
2026-09-23 16:43:31,231 INFO HTTP Request: GET https://www.khidi.or.kr/board?pageNum=2&rowCnt=10&menuId=MENU01108&maxIndex=00489501429998&minIndex=00489478999998&schType=0&schText=&schStartDate=&schEndDate=&boardStyle=&categoryId=&continent=&country=&upDown=0 "HTTP/1.1 200 200"
2026-09-23 16:43:31,475 INFO 한국보건산업진흥원(K-뷰티공고): 25건 (2p)
2026-09-23 16:43:31,479 INFO 날짜분류(최근 1영업일, 2026-09-22~2026-09-22): 확정 0 / 날짜불명 12 / 제외 13
2026-09-23 16:43:33,737 INFO HTTP Request: GET https://www.itp.or.kr/intro.asp?tmid=36&PageNum=1 "HTTP/1.1 200 OK"
2026-09-23 16:43:35,864 INFO HTTP Request: GET https://www.itp.or.kr/intro.asp?tmid=36&PageNum=2 "HTTP/1.1 200 OK"
2026-09-23 16:43:38,124 INFO HTTP Request: GET https://www.itp.or.kr/intro.asp?tmid=36&PageNum=3 "HTTP/1.1 200 OK"
2026-09-23 16:43:38,226 INFO 인천TP 마케팅센터(뷰티산업육성): 15건
2026-09-23 16:43:38,228 INFO 날짜분류(최근 1영업일, 2026-09-22~2026-09-22): 확정 0 / 날짜불명 0 / 제외 15
2026-09-23 16:43:38,530 INFO HTTP Request: GET https://www.exportvoucher.com/portal/board/boardList?bbs_id=1&active_menu_cd=EZ005004000 "HTTP/1.1 200 OK"
2026-09-23 16:43:38,571 INFO 수출바우처(수출지원기반활용): 13건
2026-09-23 16:43:38,572 INFO 날짜분류(최근 1영업일, 2026-09-22~2026-09-22): 확정 0 / 날짜불명 13 / 제외 0
2026-09-23 16:43:38,790 INFO HTTP Request: GET https://www.mssmiv.com/portal/board/BoardList?bbsId=1 "HTTP/1.1 200 "
2026-09-23 16:43:38,826 INFO 중소기업 혁신바우처(MSSMIV): 15건
2026-09-23 16:43:38,827 INFO 날짜분류(최근 1영업일, 2026-09-22~2026-09-22): 확정 0 / 날짜불명 0 / 제외 15
2026-09-23 16:43:39,032 INFO HTTP Request: GET https://www.gokams.or.kr/01_news/notice_list.aspx "HTTP/1.1 200 OK"
2026-09-23 16:43:39,091 INFO 예술경영지원센터: 110건
2026-09-23 16:43:39,092 INFO 날짜분류(최근 1영업일, 2026-09-22~2026-09-22): 확정 0 / 날짜불명 110 / 제외 0
2026-09-23 16:43:39,962 INFO HTTP Request: GET https://hespa.or.kr/main/index.php?m_cd=23 "HTTP/1.1 200 OK"
2026-09-23 16:43:39,988 INFO (재)헬스케어스파산업진흥원: 1건
2026-09-23 16:43:39,988 INFO 날짜분류(최근 1영업일, 2026-09-22~2026-09-22): 확정 0 / 날짜불명 1 / 제외 0
2026-09-23 16:43:40,141 INFO HTTP Request: GET https://www.smes.go.kr/mainbiz/usr/board/comNotice.do "HTTP/1.1 200 OK"
2026-09-23 16:43:40,206 INFO MainBiz 메인 / 경영혁신형 중소기업: 10건
2026-09-23 16:43:40,209 INFO 날짜분류(최근 1영업일, 2026-09-22~2026-09-22): 확정 0 / 날짜불명 1 / 제외 9
2026-09-23 16:43:41,475 INFO HTTP Request: GET https://www.ffsb.kr/ffsbbod/bs/boardList.do?boardSeq=1&menuSeq=5190 "HTTP/1.1 200 OK"
2026-09-23 16:43:41,592 INFO 가족친화지원사업: 10건
2026-09-23 16:43:41,593 INFO 날짜분류(최근 1영업일, 2026-09-22~2026-09-22): 확정 0 / 날짜불명 0 / 제외 10
